// Jest Snapshot v1, https://goo.gl/fbAQLP

exports[`BestViewNotify default 1`] = `
<div
  className="cb-BestViewNotify hide"
>
  <div>
    Best Viewed in 
    <span
      className="link"
      onClick={[Function]}
    >
      Full Screen HD
    </span>
  </div>
  <span
    id="BestViewNotify-close"
    onClick={[Function]}
  >
    ❌
  </span>
</div>
`;
